[www.pracasaonline.com/products/serumfacialmosqueta.html]
[backblue.gif]
[fade.gif]
[index.html]
[cdn.shopify.com/s/files/1/0575/4857/0782/files/FAVICON_96x96545d.png]
[cdn.shopify.com/s/files/1/0575/4857/0782/t/3/assets/theme985e.css]
[www.pracasaonline.com/products/serumfacialmosqueta.oembed]
[www.pracasaonline.com/products/POST]
[cdn.shopify.com/s/trekkie.storefront.e83b9a81dac4c1ca5102c7c4f8b525a457da8f91.min.js]
[cdn.shopify.com/shopifycloud/shopify/assets/shop_events_listener-eb19870e6f215e4e4acd8067d24ecfcbfee2d96d96aa8607e8fd45edf40eacc6.js]
[cdn.shopify.com/shopifycloud/boomerang/shopify-boomerang-1.0.0.min.js]
[cdn.shopify.com/shopifycloud/storefront-recaptcha-v3/v0.5/index.js]
[cdn.shopify.com/shopifycloud/shopify/assets/storefront/load_feature-a55261a7a987674749989983b5889eadaac6795d8d48548fb61470a96edb9524.js]
[cdn.shopify.com/shopifycloud/shopify/assets/storefront/features-87e8399988880142f2c62771b9d8f2ff6c290b3ff745dd426eb0dfe0db9d1dae.js]
[cdn.shopify.com/s/files/1/0575/4857/0782/t/3/assets/custom9167.js]
[cdn.shopify.com/s/files/1/0575/4857/0782/t/3/assets/pagefly-main1479.css]
[cdn.shopify.com/s/files/1/0575/4857/0782/t/3/assets/pagefly.f04a2c7caa48.css]
[cdn.shopify.com/s/files/1/0575/4857/0782/t/4/assets/pf-cb3a9359--08bee9.png]
[cdn.shopify.com/s/files/1/0575/4857/0782/t/4/assets/pf-3a935956--09932f.png]
[cdn.shopify.com/s/files/1/0575/4857/0782/t/3/assets/theme.min356e.js]
[cdn.polyfill.io/v3/polyfill.mina617.js]
[cdn.shopify.com/s/files/1/0575/4857/0782/t/4/assets/pf-935956bc--102115.png]
[cdn.shopify.com/s/files/1/0575/4857/0782/t/4/assets/pf-5956bcb4--11b8af.png]
[cdn.shopify.com/s/files/1/0575/4857/0782/t/4/assets/pf-56bcb437--12e7e5.png]
[cdn.shopify.com/s/files/1/0575/4857/0782/t/4/assets/pf-bcb43783--136151.png]
[cdn.shopify.com/s/files/1/0575/4857/0782/t/4/assets/pf-8375e6fe--04139b.png]
[cdn.shopify.com/s/files/1/0575/4857/0782/t/4/assets/pf-f9f123c4--botao-comprar-1-1519b.png]
[cdn.shopify.com/s/files/1/0575/4857/0782/t/4/assets/pf-75e6fe32--0509e3.png]
[cdn.shopify.com/s/files/1/0575/4857/0782/t/4/assets/pf-e6fe32ae--07fa9e.png]
[www.pracasaonline.com/products/serumfacialmosqueta.html]
[cdn.shopify.com/s/files/1/0575/4857/0782/t/3/assets/theme985e.css]
[www.pracasaonline.com/products/POST.html]
[cdn.shopify.com/s/files/1/0575/4857/0782/t/3/assets/pagefly-main1479.css]
[cdn.shopify.com/s/files/1/0575/4857/0782/t/3/assets/pagefly.f04a2c7caa48.css]
[cdn.pagefly.io/pagefly/3.8.0/core/helper.js]
